node.exe : node:internal/
modules/cjs/loader:1459
At line:1 char:1
+ & "C:\Program 
Files\nodejs/node.exe" 
"C:\Program 
Files\nodejs/node_mo ...
+ ~~~~~~~~~~~~~~~~~~~~~~~
~~~~~~~~~~~~~~~~~~~~~~~~~
~~~~~~~~~~~~~~~~~~~~~
    + CategoryInfo       
       : NotSpecified:   
  (node:internal/modul   
 es/cjs/loader:1459:S    
tring) [], RemoteExc    
eption
    + FullyQualifiedErro 
   rId : NativeCommandE  
  rror
 
  throw err;
  ^

Error: Cannot find 
module 'C:\Users\mprit\Do
cuments\devlens\node_modu
les\next\dist\bin\next'
    at 
Module._resolveFilename (
node:internal/modules/cjs
/loader:1456:15)
    at 
defaultResolveImpl (node:
internal/modules/cjs/load
er:1066:19)
    at 
resolveForCJSWithHooks (n
ode:internal/modules/cjs/
loader:1071:22)
    at Module._load (node
:internal/modules/cjs/loa
der:1242:25)
    at wrapModuleLoad (no
de:internal/modules/cjs/l
oader:255:19)
    at Module.executeUser
EntryPoint [as runMain] (
node:internal/modules/run
_main:154:5)
    at node:internal/main
/run_main_module:33:47 {
  code: 
'MODULE_NOT_FOUND',
  requireStack: []
}

Node.js v24.14.0
